Component: ARM Compiler 5.05 update 1 (build 106) Tool: armlink [4d0efa]

==============================================================================

Section Cross References

    client_handling.o(i.client_find) refers to client_handling.o(.bss) for .bss
    client_handling.o(i.client_handling_ble_evt_handler) refers to client_handling.o(i.client_find) for client_find
    client_handling.o(i.client_handling_ble_evt_handler) refers to ble_db_discovery.o(i.ble_db_discovery_on_ble_evt) for ble_db_discovery_on_ble_evt
    client_handling.o(i.client_handling_ble_evt_handler) refers to device_manager_central.o(i.dm_security_setup_req) for dm_security_setup_req
    client_handling.o(i.client_handling_ble_evt_handler) refers to app_error.o(i.app_error_handler) for app_error_handler
    client_handling.o(i.client_handling_ble_evt_handler) refers to printf8.o(i.__0printf$8) for __2printf
    client_handling.o(i.client_handling_ble_evt_handler) refers to client_handling.o(.bss) for .bss
    client_handling.o(i.client_handling_count) refers to client_handling.o(.data) for .data
    client_handling.o(i.client_handling_create) refers to memcpya.o(.text) for __aeabi_memcpy
    client_handling.o(i.client_handling_create) refers to ble_db_discovery.o(i.ble_db_discovery_start) for ble_db_discovery_start
    client_handling.o(i.client_handling_create) refers to app_error.o(i.app_error_handler) for app_error_handler
    client_handling.o(i.client_handling_create) refers to client_handling.o(.bss) for .bss
    client_handling.o(i.client_handling_create) refers to client_handling.o(.data) for .data
    client_handling.o(i.client_handling_destroy) refers to client_handling.o(.bss) for .bss
    client_handling.o(i.client_handling_destroy) refers to client_handling.o(.constdata) for .constdata
    client_handling.o(i.client_handling_destroy) refers to client_handling.o(.data) for .data
    client_handling.o(i.client_handling_dm_event_handler) refers to client_handling.o(i.notif_enable) for notif_enable
    client_handling.o(i.client_handling_dm_event_handler) refers to client_handling.o(.bss) for .bss
    client_handling.o(i.client_handling_init) refers to app_error.o(i.app_error_handler) for app_error_handler
    client_handling.o(i.client_handling_init) refers to ble_db_discovery.o(i.ble_db_discovery_init) for ble_db_discovery_init
    client_handling.o(i.client_handling_init) refers to ble_db_discovery.o(i.ble_db_discovery_evt_register) for ble_db_discovery_evt_register
    client_handling.o(i.client_handling_init) refers to client_handling.o(.constdata) for .constdata
    client_handling.o(i.client_handling_init) refers to client_handling.o(.data) for .data
    client_handling.o(i.client_handling_init) refers to client_handling.o(.bss) for .bss
    client_handling.o(i.client_handling_init) refers to client_handling.o(i.db_discovery_evt_handler) for db_discovery_evt_handler
    client_handling.o(i.db_discovery_evt_handler) refers to client_handling.o(i.client_find) for client_find
    client_handling.o(i.db_discovery_evt_handler) refers to client_handling.o(i.notif_enable) for notif_enable
    client_handling.o(i.db_discovery_evt_handler) refers to client_handling.o(.bss) for .bss
    client_handling.o(i.db_discovery_evt_handler) refers to client_handling.o(.data) for .data
    client_handling.o(i.notif_enable) refers to app_error.o(i.app_error_handler) for app_error_handler
    main.o(i.assert_nrf_callback) refers to app_error.o(i.app_error_handler) for app_error_handler
    main.o(i.ble_evt_dispatch) refers to device_manager_central.o(i.dm_ble_evt_handler) for dm_ble_evt_handler
    main.o(i.ble_evt_dispatch) refers to client_handling.o(i.client_handling_ble_evt_handler) for client_handling_ble_evt_handler
    main.o(i.ble_evt_dispatch) refers to main.o(i.on_ble_evt) for on_ble_evt
    main.o(i.ble_stack_init) refers to softdevice_handler.o(i.softdevice_handler_init) for softdevice_handler_init
    main.o(i.ble_stack_init) refers to app_error.o(i.app_error_handler) for app_error_handler
    main.o(i.ble_stack_init) refers to softdevice_handler.o(i.softdevice_ble_evt_handler_set) for softdevice_ble_evt_handler_set
    main.o(i.ble_stack_init) refers to softdevice_handler.o(i.softdevice_sys_evt_handler_set) for softdevice_sys_evt_handler_set
    main.o(i.ble_stack_init) refers to main.o(.bss) for .bss
    main.o(i.ble_stack_init) refers to main.o(i.ble_evt_dispatch) for ble_evt_dispatch
    main.o(i.ble_stack_init) refers to main.o(i.sys_evt_dispatch) for sys_evt_dispatch
    main.o(i.device_manager_event_handler) refers to printf8.o(i.__0printf$8) for __2printf
    main.o(i.device_manager_event_handler) refers to client_handling.o(i.client_handling_create) for client_handling_create
    main.o(i.device_manager_event_handler) refers to app_error.o(i.app_error_handler) for app_error_handler
    main.o(i.device_manager_event_handler) refers to main.o(i.scan_start) for scan_start
[...]
    printf6.o(i.__0printf$6) refers to retarget.o(i.fputc) for fputc
    printf6.o(i.__0printf$6) refers to retarget.o(.data) for __stdout
    printf6.o(i.__0snprintf$6) refers to printf6.o(i._printf_core) for _printf_core
    printf6.o(i.__0snprintf$6) refers to printf6.o(i._snputc) for _snputc
    printf6.o(i.__0sprintf$6) refers to printf6.o(i._printf_core) for _printf_core
    printf6.o(i.__0sprintf$6) refers to printf6.o(i._sputc) for _sputc
    printf6.o(i.__0vfprintf$6) refers to printf6.o(i._printf_core) for _printf_core
    printf6.o(i.__0vfprintf$6) refers to retarget.o(i.fputc) for fputc
    printf6.o(i.__0vprintf$6) refers to printf6.o(i._printf_core) for _printf_core
    printf6.o(i.__0vprintf$6) refers to retarget.o(i.fputc) for fputc
    printf6.o(i.__0vprintf$6) refers to retarget.o(.data) for __stdout
    printf6.o(i.__0vsnprintf$6) refers to printf6.o(i._printf_core) for _printf_core
    printf6.o(i.__0vsnprintf$6) refers to printf6.o(i._snputc) for _snputc
    printf6.o(i.__0vsprintf$6) refers to printf6.o(i._printf_core) for _printf_core
    printf6.o(i.__0vsprintf$6) refers to printf6.o(i._sputc) for _sputc
    printf6.o(i._printf_core) refers to printf6.o(i._printf_pre_padding) for _printf_pre_padding
    printf6.o(i._printf_core) refers to printf6.o(i._printf_post_padding) for _printf_post_padding
    printf6.o(i._printf_core) refers to uidiv.o(.text) for __aeabi_uidivmod
    printf7.o(i.__0fprintf$7) refers to printf7.o(i._printf_core) for _printf_core
    printf7.o(i.__0fprintf$7) refers to retarget.o(i.fputc) for fputc
    printf7.o(i.__0printf$7) refers to printf7.o(i._printf_core) for _printf_core
    printf7.o(i.__0printf$7) refers to retarget.o(i.fputc) for fputc
    printf7.o(i.__0printf$7) refers to retarget.o(.data) for __stdout
    printf7.o(i.__0snprintf$7) refers to printf7.o(i._printf_core) for _printf_core
    printf7.o(i.__0snprintf$7) refers to printf7.o(i._snputc) for _snputc
    printf7.o(i.__0sprintf$7) refers to printf7.o(i._printf_core) for _printf_core
    printf7.o(i.__0sprintf$7) refers to printf7.o(i._sputc) for _sputc
    printf7.o(i.__0vfprintf$7) refers to printf7.o(i._printf_core) for _printf_core
    printf7.o(i.__0vfprintf$7) refers to retarget.o(i.fputc) for fputc
    printf7.o(i.__0vprintf$7) refers to printf7.o(i._printf_core) for _printf_core
    printf7.o(i.__0vprintf$7) refers to retarget.o(i.fputc) for fputc
    printf7.o(i.__0vprintf$7) refers to retarget.o(.data) for __stdout
    printf7.o(i.__0vsnprintf$7) refers to printf7.o(i._printf_core) for _printf_core
    printf7.o(i.__0vsnprintf$7) refers to printf7.o(i._snputc) for _snputc
    printf7.o(i.__0vsprintf$7) refers to printf7.o(i._printf_core) for _printf_core
    printf7.o(i.__0vsprintf$7) refers to printf7.o(i._sputc) for _sputc
    printf7.o(i._printf_core) refers to printf7.o(i._printf_pre_padding) for _printf_pre_padding
    printf7.o(i._printf_core) refers to printf7.o(i._printf_post_padding) for _printf_post_padding
    printf7.o(i._printf_core) refers to uldiv.o(.text) for __aeabi_uldivmod
    printf8.o(i.__0fprintf$8) refers to printf8.o(i._printf_core) for _printf_core
    printf8.o(i.__0fprintf$8) refers to retarget.o(i.fputc) for fputc
    printf8.o(i.__0printf$8) refers to printf8.o(i._printf_core) for _printf_core
    printf8.o(i.__0printf$8) refers to retarget.o(i.fputc) for fputc
    printf8.o(i.__0printf$8) refers to retarget.o(.data) for __stdout
    printf8.o(i.__0snprintf$8) refers to printf8.o(i._printf_core) for _printf_core
    printf8.o(i.__0snprintf$8) refers to printf8.o(i._snputc) for _snputc
    printf8.o(i.__0sprintf$8) refers to printf8.o(i._printf_core) for _printf_core
    printf8.o(i.__0sprintf$8) refers to printf8.o(i._sputc) for _sputc
    printf8.o(i.__0vfprintf$8) refers to printf8.o(i._printf_core) for _printf_core
    printf8.o(i.__0vfprintf$8) refers to retarget.o(i.fputc) for fputc
    printf8.o(i.__0vprintf$8) refers to printf8.o(i._printf_core) for _printf_core
    printf8.o(i.__0vprintf$8) refers to retarget.o(i.fputc) for fputc
    printf8.o(i.__0vprintf$8) refers to retarget.o(.data) for __stdout
    printf8.o(i.__0vsnprintf$8) refers to printf8.o(i._printf_core) for _printf_core
    printf8.o(i.__0vsnprintf$8) refers to printf8.o(i._snputc) for _snputc
    printf8.o(i.__0vsprintf$8) refers to printf8.o(i._printf_core) for _printf_core
    printf8.o(i.__0vsprintf$8) refers to printf8.o(i._sputc) for _sputc
    printf8.o(i._printf_core) refers to printf8.o(i._printf_pre_padding) for _printf_pre_padding
    printf8.o(i._printf_core) refers to printf8.o(i._printf_post_padding) for _printf_post_padding
    printf8.o(i._printf_core) refers to uldiv.o(.text) for __aeabi_uldivmod
    printfa.o(i.__0fprintf) refers (Special) to iusefp.o(.text) for __I$use$fp
    printfa.o(i.__0fprintf) refers to printfa.o(i._printf_core) for _printf_core
    printfa.o(i.__0fprintf) refers to retarget.o(i.fputc) for fputc
    printfa.o(i.__0printf) refers (Special) to iusefp.o(.text) for __I$use$fp
    printfa.o(i.__0printf) refers to printfa.o(i._printf_core) for _printf_core
    printfa.o(i.__0printf) refers to retarget.o(i.fputc) for fputc
    printfa.o(i.__0printf) refers to retarget.o(.data) for __stdout
    printfa.o(i.__0snprintf) refers (Special) to iusefp.o(.text) for __I$use$fp
    printfa.o(i.__0snprintf) refers to printfa.o(i._printf_core) for _printf_core
    printfa.o(i.__0snprintf) refers to printfa.o(i._snputc) for _snputc
    printfa.o(i.__0sprintf) refers (Special) to iusefp.o(.text) for __I$use$fp
    printfa.o(i.__0sprintf) refers to printfa.o(i._printf_core) for _printf_core
    printfa.o(i.__0sprintf) refers to printfa.o(i._sputc) for _sputc
    printfa.o(i.__0vfprintf) refers (Special) to iusefp.o(.text) for __I$use$fp
    printfa.o(i.__0vfprintf) refers to printfa.o(i._printf_core) for _printf_core
    printfa.o(i.__0vfprintf) refers to retarget.o(i.fputc) for fputc
    printfa.o(i.__0vprintf) refers (Special) to iusefp.o(.text) for __I$use$fp
    printfa.o(i.__0vprintf) refers to printfa.o(i._printf_core) for _printf_core
    printfa.o(i.__0vprintf) refers to retarget.o(i.fputc) for fputc
    printfa.o(i.__0vprintf) refers to retarget.o(.data) for __stdout
    printfa.o(i.__0vsnprintf) refers (Special) to iusefp.o(.text) for __I$use$fp
    printfa.o(i.__0vsnprintf) refers to printfa.o(i._printf_core) for _printf_core
    printfa.o(i.__0vsnprintf) refers to printfa.o(i._snputc) for _snputc
    printfa.o(i.__0vsprintf) refers (Special) to iusefp.o(.text) for __I$use$fp
    printfa.o(i.__0vsprintf) refers to printfa.o(i._printf_core) for _printf_core
    printfa.o(i.__0vsprintf) refers to printfa.o(i._sputc) for _sputc
    printfa.o(i._fp_digits) refers (Special) to iusefp.o(.text) for __I$use$fp
    printfa.o(i._fp_digits) refers to dmul.o(.text) for __aeabi_dmul
    printfa.o(i._fp_digits) refers to ddiv.o(.text) for __aeabi_ddiv
    printfa.o(i._fp_digits) refers to cdrcmple.o(.text) for __aeabi_cdrcmple
    printfa.o(i._fp_digits) refers to dadd.o(.text) for __aeabi_dadd
    printfa.o(i._fp_digits) refers to dfixul.o(.text) for __aeabi_d2ulz
    printfa.o(i._fp_digits) refers to uldiv.o(.text) for __aeabi_uldivmod
    printfa.o(i._printf_core) refers (Special) to iusefp.o(.text) for __I$use$fp
    printfa.o(i._printf_core) refers to printfa.o(i._printf_pre_padding) for _printf_pre_padding
    printfa.o(i._printf_core) refers to uldiv.o(.text) for __aeabi_uldivmod
    printfa.o(i._printf_core) refers to printfa.o(i._printf_post_padding) for _printf_post_padding
    printfa.o(i._printf_core) refers to printfa.o(i._fp_digits) for _fp_digits
    printfa.o(i._printf_core) refers to uidiv.o(.text) for __aeabi_uidivmod
    printfa.o(i._printf_post_padding) refers (Special) to iusefp.o(.text) for __I$use$fp
    printfa.o(i._printf_pre_padding) refers (Special) to iusefp.o(.text) for __I$use$fp
    printfa.o(i._snputc) refers (Special) to iusefp.o(.text) for __I$use$fp
    printfa.o(i._sputc) refers (Special) to iusefp.o(.text) for __I$use$fp
    entry2.o(.ARM.Collect$$$$00000001) refers to entry2.o(.ARM.Collect$$$$00002712) for __lit__00000000
    entry2.o(.ARM.Collect$$$$00002712) refers to arm_startup_nrf51.o(STACK) for __initial_sp
    entry2.o(__vectab_stack_and_reset_area) refers to arm_startup_nrf51.o(STACK) for __initial_sp
    entry2.o(__vectab_stack_and_reset_area) refers to entry.o(.ARM.Collect$$$$00000000) for __main
    entry5.o(.ARM.Collect$$$$00000004) refers to init.o(.text) for __scatterload
    entry9a.o(.ARM.Collect$$$$0000000B) refers to main.o(i.main) for main
    entry9b.o(.ARM.Collect$$$$0000000C) refers to main.o(i.main) for main
    uldiv.o(.text) refers to llushr.o(.text) for __aeabi_llsr
    uldiv.o(.text) refers to llshl.o(.text) for __aeabi_llsl
    dadd.o(.text) refers to llshl.o(.text) for __aeabi_llsl
    dadd.o(.text) refers to llsshr.o(.text) for __aeabi_lasr
    dadd.o(.text) refers to depilogue.o(.text) for _double_epilogue
    dmul.o(.text) refers to depilogue.o(.text) for _double_epilogue
    ddiv.o(.text) refers to depilogue.o(.text) for _double_round
    dfixul.o(.text) refers to llushr.o(.text) for __aeabi_llsr
    dfixul.o(.text) refers to llshl.o(.text) for __aeabi_llsl
    init.o(.text) refers to entry5.o(.ARM.Collect$$$$00000004) for __main_after_scatterload
    depilogue.o(.text) refers to depilogue.o(i.__ARM_clz) for __ARM_clz
    depilogue.o(.text) refers to llshl.o(.text) for __aeabi_llsl
    depilogue.o(.text) refers to llushr.o(.text) for __aeabi_llsr


==============================================================================

Removing Unused input sections from the image.

    Removing client_handling.o(.rev16_text), (4 bytes).
    Removing client_handling.o(.revsh_text), (4 bytes).
    Removing client_handling.o(i.client_handling_count), (12 bytes).
    Removing main.o(.rev16_text), (4 bytes).
    Removing main.o(.revsh_text), (4 bytes).
    Removing main.o(.emb_text), (30 bytes).
    Removing main.o(i.assert_nrf_callback), (20 bytes).
    Removing arm_startup_nrf51.o(HEAP), (2048 bytes).
    Removing system_nrf51.o(.rev16_text), (4 bytes).
    Removing system_nrf51.o(.revsh_text), (4 bytes).
    Removing system_nrf51.o(i.SystemCoreClockUpdate), (16 bytes).
    Removing ble_srv_common.o(i.ble_srv_ascii_to_utf8), (18 bytes).
    Removing ble_srv_common.o(i.ble_srv_report_ref_encode), (12 bytes).
    Removing device_manager_central.o(.rev16_text), (4 bytes).
    Removing device_manager_central.o(.revsh_text), (4 bytes).
    Removing device_manager_central.o(i.device_instance_free), (92 bytes).
    Removing device_manager_central.o(i.dm_application_context_delete), (8 bytes).
    Removing device_manager_central.o(i.dm_application_context_get), (8 bytes).
    Removing device_manager_central.o(i.dm_application_context_set), (8 bytes).
    Removing device_manager_central.o(i.dm_application_instance_set), (64 bytes).
    Removing device_manager_central.o(i.dm_device_add), (8 bytes).
    Removing device_manager_central.o(i.dm_device_delete), (160 bytes).
    Removing device_manager_central.o(i.dm_device_delete_all), (172 bytes).
    Removing device_manager_central.o(i.dm_distributed_keys_get), (268 bytes).
    Removing device_manager_central.o(i.dm_peer_addr_get), (280 bytes).
    Removing device_manager_central.o(i.dm_peer_addr_set), (220 bytes).
    Removing device_manager_central.o(i.dm_security_status_req), (208 bytes).
    Removing device_manager_central.o(i.dm_service_context_delete), (144 bytes).
    Removing device_manager_central.o(i.dm_service_context_get), (332 bytes).
    Removing device_manager_central.o(i.dm_service_context_set), (268 bytes).
    Removing device_manager_central.o(i.dm_whitelist_create), (276 bytes).
    Removing device_manager_central.o(.constdata), (4 bytes).
    Removing ble_db_discovery.o(i.ble_db_discovery_close), (20 bytes).
    Removing nrf_delay.o(.rev16_text), (4 bytes).
    Removing nrf_delay.o(.revsh_text), (4 bytes).
    Removing app_uart_fifo.o(.rev16_text), (4 bytes).
    Removing app_uart_fifo.o(.revsh_text), (4 bytes).
    Removing app_uart_fifo.o(i.app_uart_close), (48 bytes).
    Removing app_uart_fifo.o(i.app_uart_flush), (28 bytes).
    Removing app_uart_fifo.o(i.app_uart_get), (16 bytes).
    Removing app_uart_fifo.o(i.app_uart_get_connection_state), (20 bytes).
    Removing pstorage.o(.rev16_text), (4 bytes).
    Removing pstorage.o(.revsh_text), (4 bytes).
    Removing app_error.o(.rev16_text), (4 bytes).
    Removing app_error.o(.revsh_text), (4 bytes).
    Removing app_fifo.o(i.app_fifo_flush), (8 bytes).
    Removing app_gpiote.o(.rev16_text), (4 bytes).
    Removing app_gpiote.o(.revsh_text), (4 bytes).
    Removing app_gpiote.o(i.app_gpiote_init), (100 bytes).
    Removing app_gpiote.o(i.app_gpiote_user_disable), (64 bytes).
    Removing app_scheduler.o(.rev16_text), (4 bytes).
    Removing app_scheduler.o(.revsh_text), (4 bytes).
    Removing app_scheduler.o(i.app_sched_event_put), (256 bytes).
    Removing app_trace.o(.rev16_text), (4 bytes).
    Removing app_trace.o(.revsh_text), (4 bytes).
    Removing retarget.o(.rev16_text), (4 bytes).
    Removing retarget.o(.revsh_text), (4 bytes).
    Removing retarget.o(i.fgetc), (18 bytes).
    Removing retarget.o(.data), (4 bytes).
    Removing softdevice_handler.o(.rev16_text), (4 bytes).
    Removing softdevice_handler.o(.revsh_text), (4 bytes).
    Removing softdevice_handler.o(i.softdevice_handler_sd_disable), (24 bytes).
    Removing dadd.o(.text), (356 bytes).
    Removing dmul.o(.text), (208 bytes).
    Removing ddiv.o(.text), (240 bytes).
    Removing dfixul.o(.text), (64 bytes).
    Removing cdrcmple.o(.text), (40 bytes).
    Removing depilogue.o(.text), (190 bytes).
    Removing depilogue.o(i.__ARM_clz), (46 bytes).

69 unused section(s) (total 6530 bytes) removed from the image.

==============================================================================

Image Symbol Table

    Local Symbols

    Symbol Name                              Value     Ov Type        Size  Object(Section)

    ../clib/microlib/division.c              0x00000000   Number         0  uidiv.o ABSOLUTE
    ../clib/microlib/division.c              0x00000000   Number         0  uldiv.o ABSOLUTE
    ../clib/microlib/init/entry.s            0x00000000   Number         0  entry2.o ABSOLUTE
    ../clib/microlib/init/entry.s            0x00000000   Number         0  entry7b.o ABSOLUTE
    ../clib/microlib/init/entry.s            0x00000000   Number         0  entry7a.o ABSOLUTE
    ../clib/microlib/init/entry.s            0x00000000   Number         0  entry8a.o ABSOLUTE
    ../clib/microlib/init/entry.s            0x00000000   Number         0  entry5.o ABSOLUTE
    ../clib/microlib/init/entry.s            0x00000000   Number         0  entry9a.o ABSOLUTE
    ../clib/microlib/init/entry.s            0x00000000   Number         0  entry8b.o ABSOLUTE
    ../clib/microlib/init/entry.s            0x00000000   Number         0  entry.o ABSOLUTE
    ../clib/microlib/init/entry.s            0x00000000   Number         0  entry9b.o ABSOLUTE
    ../clib/microlib/init/entry.s            0x00000000   Number         0  entry10a.o ABSOLUTE
    ../clib/microlib/init/entry.s            0x00000000   Number         0  entry10b.o ABSOLUTE
    ../clib/microlib/init/entry.s            0x00000000   Number         0  entry11a.o ABSOLUTE
    ../clib/microlib/init/entry.s            0x00000000   Number         0  entry11b.o ABSOLUTE
    ../clib/microlib/longlong.c              0x00000000   Number         0  llsshr.o ABSOLUTE
    ../clib/microlib/longlong.c              0x00000000   Number         0  llshl.o ABSOLUTE
    ../clib/microlib/longlong.c              0x00000000   Number         0  llushr.o ABSOLUTE
    ../clib/microlib/printf/printf.c         0x00000000   Number         0  printf7.o ABSOLUTE
    ../clib/microlib/printf/printf.c         0x00000000   Number         0  printfa.o ABSOLUTE
    ../clib/microlib/printf/printf.c         0x00000000   Number         0  printf2.o ABSOLUTE
    ../clib/microlib/printf/printf.c         0x00000000   Number         0  printf4.o ABSOLUTE
    ../clib/microlib/printf/printf.c         0x00000000   Number         0  printf3.o ABSOLUTE
    ../clib/microlib/printf/printf.c         0x00000000   Number         0  printf5.o ABSOLUTE
    ../clib/microlib/printf/printf.c         0x00000000   Number         0  printf6.o ABSOLUTE
    ../clib/microlib/printf/printf.c         0x00000000   Number         0  printf8.o ABSOLUTE
    ../clib/microlib/printf/printf.c         0x00000000   Number         0  printf1.o ABSOLUTE
    ../clib/microlib/printf/printf.c         0x00000000   Number         0  printf0.o ABSOLUTE
    ../clib/microlib/printf/printf.c         0x00000000   Number         0  printfb.o ABSOLUTE
    ../clib/microlib/printf/stubs.s          0x00000000   Number         0  stubs.o ABSOLUTE
    ../clib/microlib/string/memcmp.c         0x00000000   Number         0  memcmp.o ABSOLUTE
    ../clib/microlib/string/memcpy.c         0x00000000   Number         0  memcpya.o ABSOLUTE
    ../clib/microlib/string/memcpy.c         0x00000000   Number         0  memcpyb.o ABSOLUTE
    ../clib/microlib/string/memset.c         0x00000000   Number         0  memseta.o ABSOLUTE
    ../clib/microlib/string/strlen.c         0x00000000   Number         0  strlen.o ABSOLUTE
    ../clib/microlib/stubs.s                 0x00000000   Number         0  iusefp.o ABSOLUTE
    ../fplib/microlib/fpadd.c                0x00000000   Number         0  dadd.o ABSOLUTE
    ../fplib/microlib/fpdiv.c                0x00000000   Number         0  ddiv.o ABSOLUTE
    ../fplib/microlib/fpepilogue.c           0x00000000   Number         0  depilogue.o ABSOLUTE
    ../fplib/microlib/fpfix.c                0x00000000   Number         0  dfixul.o ABSOLUTE
    ../fplib/microlib/fpmul.c                0x00000000   Number         0  dmul.o ABSOLUTE
    ..\..\..\client_handling.c               0x00000000   Number         0  client_handling.o ABSOLUTE
    ..\..\..\main.c                          0x00000000   Number         0  main.o ABSOLUTE
    ..\\..\\..\\client_handling.c            0x00000000   Number         0  client_handling.o ABSOLUTE
    ..\\..\\..\\main.c                       0x00000000   Number         0  main.o ABSOLUTE
    C:\Keil_v5\ARM\PACK\NordicSemiconductor\nRF_BLE\2.0.0\common\ble_srv_common.c 0x00000000   Number         0  ble_srv_common.o ABSOLUTE
    C:\Keil_v5\ARM\PACK\NordicSemiconductor\nRF_BLE\2.0.0\device_manager\device_manager_central.c 0x00000000   Number         0  device_manager_central.o ABSOLUTE
    C:\Keil_v5\ARM\PACK\NordicSemiconductor\nRF_Drivers\2.0.0\hal\nrf_delay.c 0x00000000   Number         0  nrf_delay.o ABSOLUTE
    C:\\Keil_v5\\ARM\\PACK\\NordicSemiconductor\\nRF_BLE\\2.0.0\\device_manager\\device_manager_central.c 0x00000000   Number         0  device_manager_central.o ABSOLUTE
    C:\\Keil_v5\\ARM\\PACK\\NordicSemiconductor\\nRF_Drivers\\2.0.0\\hal\\nrf_delay.c 0x00000000   Number         0  nrf_delay.o ABSOLUTE
    RTE\Device\nRF51422_xxAC\arm_startup_nrf51.s 0x00000000   Number         0  arm_startup_nrf51.o ABSOLUTE
    RTE\Device\nRF51422_xxAC\system_nrf51.c  0x00000000   Number         0  system_nrf51.o ABSOLUTE
    RTE\\Device\\nRF51422_xxAC\\system_nrf51.c 0x00000000   Number         0  system_nrf51.o ABSOLUTE
    RTE\\nRF_Drivers\\nRF51422_xxAC\\app_uart_fifo.c 0x00000000   Number         0  app_uart_fifo.o ABSOLUTE
    RTE\\nRF_Drivers\\nRF51422_xxAC\\pstorage.c 0x00000000   Number         0  pstorage.o ABSOLUTE
    RTE\\nRF_Libraries\\nRF51422_xxAC\\app_error.c 0x00000000   Number         0  app_error.o ABSOLUTE
    RTE\\nRF_Libraries\\nRF51422_xxAC\\app_gpiote.c 0x00000000   Number         0  app_gpiote.o ABSOLUTE
    RTE\\nRF_Libraries\\nRF51422_xxAC\\app_scheduler.c 0x00000000   Number         0  app_scheduler.o ABSOLUTE
    RTE\\nRF_Libraries\\nRF51422_xxAC\\app_trace.c 0x00000000   Number         0  app_trace.o ABSOLUTE
    RTE\\nRF_Libraries\\nRF51422_xxAC\\retarget.c 0x00000000   Number         0  retarget.o ABSOLUTE
    RTE\\nRF_SoftDevice\\nRF51422_xxAC\\softdevice_handler.c 0x00000000   Number         0  softdevice_handler.o ABSOLUTE
    RTE\nRF_BLE\nRF51422_xxAC\ble_db_discovery.c 0x00000000   Number         0  ble_db_discovery.o ABSOLUTE
    RTE\nRF_Drivers\nRF51422_xxAC\app_uart_fifo.c 0x00000000   Number         0  app_uart_fifo.o ABSOLUTE
    RTE\nRF_Drivers\nRF51422_xxAC\pstorage.c 0x00000000   Number         0  pstorage.o ABSOLUTE
    RTE\nRF_Libraries\nRF51422_xxAC\app_error.c 0x00000000   Number         0  app_error.o ABSOLUTE
    RTE\nRF_Libraries\nRF51422_xxAC\app_fifo.c 0x00000000   Number         0  app_fifo.o ABSOLUTE
    RTE\nRF_Libraries\nRF51422_xxAC\app_gpiote.c 0x00000000   Number         0  app_gpiote.o ABSOLUTE
    RTE\nRF_Libraries\nRF51422_xxAC\app_scheduler.c 0x00000000   Number         0  app_scheduler.o ABSOLUTE
    RTE\nRF_Libraries\nRF51422_xxAC\app_trace.c 0x00000000   Number         0  app_trace.o ABSOLUTE
    RTE\nRF_Libraries\nRF51422_xxAC\nrf_assert.c 0x00000000   Number         0  nrf_assert.o ABSOLUTE
    RTE\nRF_Libraries\nRF51422_xxAC\retarget.c 0x00000000   Number         0  retarget.o ABSOLUTE
    RTE\nRF_SoftDevice\nRF51422_xxAC\softdevice_handler.c 0x00000000   Number         0  softdevice_handler.o ABSOLUTE
    cdrcmple.s                               0x00000000   Number         0  cdrcmple.o ABSOLUTE
    dc.s                                     0x00000000   Number         0  dc.o ABSOLUTE
    handlers.s                               0x00000000   Number         0  handlers.o ABSOLUTE
    init.s                                   0x00000000   Number         0  init.o ABSOLUTE
    RESET                                    0x0001d000   Section      192  arm_startup_nrf51.o(RESET)
    .ARM.Collect$$$$00000000                 0x0001d0c0   Section        0  entry.o(.ARM.Collect$$$$00000000)
    .ARM.Collect$$$$00000001                 0x0001d0c0   Section        4  entry2.o(.ARM.Collect$$$$00000001)
    .ARM.Collect$$$$00000004                 0x0001d0c4   Section        4  entry5.o(.ARM.Collect$$$$00000004)
    .ARM.Collect$$$$00000008                 0x0001d0c8   Section        0  entry7b.o(.ARM.Collect$$$$00000008)
    .ARM.Collect$$$$0000000A                 0x0001d0c8   Section        0  entry8b.o(.ARM.Collect$$$$0000000A)
    .ARM.Collect$$$$0000000B                 0x0001d0c8   Section        8  entry9a.o(.ARM.Collect$$$$0000000B)
    .ARM.Collect$$$$0000000D                 0x0001d0d0   Section        0  entry10a.o(.ARM.Collect$$$$0000000D)
    .ARM.Collect$$$$0000000F                 0x0001d0d0   Section        0  entry11a.o(.ARM.Collect$$$$0000000F)
    .ARM.Collect$$$$00002712                 0x0001d0d0   Section        4  entry2.o(.ARM.Collect$$$$00002712)
    __lit__00000000                          0x0001d0d0   Data           4  entry2.o(.ARM.Collect$$$$00002712)
    .emb_text                                0x0001d0d4   Section       30  nrf_delay.o(.emb_text)
    .text                                    0x0001d0f4   Section       56  arm_startup_nrf51.o(.text)
    .text                                    0x0001d12c   Section        0  uidiv.o(.text)
    .text                                    0x0001d158   Section        0  memcpya.o(.text)
    .text                                    0x0001d17c   Section        0  memseta.o(.text)
    .text                                    0x0001d1a0   Section        0  memcmp.o(.text)
    .text                                    0x0001d1ba   Section        0  uldiv.o(.text)
    .text                                    0x0001d21c   Section       36  init.o(.text)
    .text                                    0x0001d240   Section        0  llshl.o(.text)
    .text                                    0x0001d260   Section        0  llushr.o(.text)
    i.GPIOTE_IRQHandler                      0x0001d284   Section        0  app_gpiote.o(i.GPIOTE_IRQHandler)
    i.SWI2_IRQHandler                        0x0001d33c   Section        0  softdevice_handler.o(i.SWI2_IRQHandler)
    i.SystemInit                             0x0001d360   Section        0  system_nrf51.o(i.SystemInit)
    i.UART0_IRQHandler                       0x0001d3b4   Section        0  app_uart_fifo.o(i.UART0_IRQHandler)
    i.__0printf$8                            0x0001d434   Section        0  printf8.o(i.__0printf$8)
    i.__ARM_common_switch8                   0x0001d454   Section        0  app_uart_fifo.o(i.__ARM_common_switch8)
    i.__scatterload_copy                     0x0001d46e   Section       14  handlers.o(i.__scatterload_copy)
    i.__scatterload_null                     0x0001d47c   Section        2  handlers.o(i.__scatterload_null)
    i.__scatterload_zeroinit                 0x0001d47e   Section       14  handlers.o(i.__scatterload_zeroinit)
    i._printf_core                           0x0001d48c   Section        0  printf8.o(i._printf_core)
    _printf_core                             0x0001d48d   Thumb Code  1020  printf8.o(i._printf_core)
    i._printf_post_padding                   0x0001d8b4   Section        0  printf8.o(i._printf_post_padding)
    _printf_post_padding                     0x0001d8b5   Thumb Code    32  printf8.o(i._printf_post_padding)
    i._printf_pre_padding                    0x0001d8d4   Section        0  printf8.o(i._printf_pre_padding)
    _printf_pre_padding                      0x0001d8d5   Thumb Code    44  printf8.o(i._printf_pre_padding)
    i.action_tx_send                         0x0001d900   Section        0  app_uart_fifo.o(i.action_tx_send)
    action_tx_send                           0x0001d901   Thumb Code    56  app_uart_fifo.o(i.action_tx_send)
    i.action_tx_stop                         0x0001d94c   Section        0  app_uart_fifo.o(i.action_tx_stop)
    i.action_uart_deactivate                 0x0001d970   Section        0  app_uart_fifo.o(i.action_uart_deactivate)
    action_uart_deactivate                   0x0001d971   Thumb Code    20  app_uart_fifo.o(i.action_uart_deactivate)
    i.adv_report_parse                       0x0001d990   Section        0  main.o(i.adv_report_parse)
    adv_report_parse                         0x0001d991   Thumb Code    46  main.o(i.adv_report_parse)
    i.app_error_handler                      0x0001d9c0   Section        0  app_error.o(i.app_error_handler)
    i.app_evt_notify                         0x0001d9dc   Section        0  device_manager_central.o(i.app_evt_notify)
    app_evt_notify                           0x0001d9dd   Thumb Code    30  device_manager_central.o(i.app_evt_notify)
    i.app_fifo_get                           0x0001da30   Section        0  app_fifo.o(i.app_fifo_get)
    i.app_fifo_init                          0x0001da52   Section        0  app_fifo.o(i.app_fifo_init)
    i.app_fifo_put                           0x0001da76   Section        0  app_fifo.o(i.app_fifo_put)
    i.app_gpiote_pins_state_get              0x0001da98   Section        0  app_gpiote.o(i.app_gpiote_pins_state_get)
    i.app_gpiote_user_enable                 0x0001dacc   Section        0  app_gpiote.o(i.app_gpiote_user_enable)
    i.app_gpiote_user_register               0x0001db60   Section        0  app_gpiote.o(i.app_gpiote_user_register)
    i.app_notify                             0x0001dbac   Section        0  pstorage.o(i.app_notify)
    app_notify                               0x0001dbad   Thumb Code    30  pstorage.o(i.app_notify)
    i.app_sched_event_get                    0x0001dbd0   Section        0  app_scheduler.o(i.app_sched_event_get)
    app_sched_event_get                      0x0001dbd1   Thumb Code    62  app_scheduler.o(i.app_sched_event_get)
    i.app_sched_execute                      0x0001dc14   Section        0  app_scheduler.o(i.app_sched_execute)
    i.app_sched_init                         0x0001dc34   Section        0  app_scheduler.o(i.app_sched_init)
    i.app_trace_dump                         0x0001dc60   Section        0  app_trace.o(i.app_trace_dump)
    i.app_trace_init                         0x0001dc94   Section        0  app_trace.o(i.app_trace_init)
    i.app_uart_init                          0x0001dcdc   Section        0  app_uart_fifo.o(i.app_uart_init)
    i.app_uart_put                           0x0001deb0   Section        0  app_uart_fifo.o(i.app_uart_put)
    i.ble_db_discovery_evt_register          0x0001decc   Section        0  ble_db_discovery.o(i.ble_db_discovery_evt_register)
    i.ble_db_discovery_init                  0x0001df18   Section        0  ble_db_discovery.o(i.ble_db_discovery_init)
    i.ble_db_discovery_on_ble_evt            0x0001df30   Section        0  ble_db_discovery.o(i.ble_db_discovery_on_ble_evt)
    i.ble_db_discovery_start                 0x0001dfd0   Section        0  ble_db_discovery.o(i.ble_db_discovery_start)
    i.ble_evt_dispatch                       0x0001e040   Section        0  main.o(i.ble_evt_dispatch)
    ble_evt_dispatch                         0x0001e041   Thumb Code    22  main.o(i.ble_evt_dispatch)
    i.ble_stack_init                         0x0001e058   Section        0  main.o(i.ble_stack_init)
    ble_stack_init                           0x0001e059   Thumb Code    92  main.o(i.ble_stack_init)
    i.characteristics_discover               0x0001e0c0   Section        0  ble_db_discovery.o(i.characteristics_discover)
    characteristics_discover                 0x0001e0c1   Thumb Code    56  ble_db_discovery.o(i.characteristics_discover)
    i.client_find                            0x0001e0f8   Section        0  client_handling.o(i.client_find)
    client_find                              0x0001e0f9   Thumb Code    30  client_handling.o(i.client_find)
    i.client_handling_ble_evt_handler        0x0001e11c   Section        0  client_handling.o(i.client_handling_ble_evt_handler)
    i.client_handling_create                 0x0001e1f0   Section        0  client_handling.o(i.client_handling_create)
    i.client_handling_destroy                0x0001e254   Section        0  client_handling.o(i.client_handling_destroy)
    i.client_handling_dm_event_handler       0x0001e2b4   Section        0  client_handling.o(i.client_handling_dm_event_handler)
    i.client_handling_init                   0x0001e2d8   Section        0  client_handling.o(i.client_handling_init)
    i.cmd_process                            0x0001e358   Section        0  pstorage.o(i.cmd_process)
    cmd_process                              0x0001e359   Thumb Code   238  pstorage.o(i.cmd_process)
    i.cmd_queue_dequeue                      0x0001e450   Section        0  pstorage.o(i.cmd_queue_dequeue)
    cmd_queue_dequeue                        0x0001e451   Thumb Code    34  pstorage.o(i.cmd_queue_dequeue)
    i.cmd_queue_element_init                 0x0001e478   Section        0  pstorage.o(i.cmd_queue_element_init)
    cmd_queue_element_init                   0x0001e479   Thumb Code    26  pstorage.o(i.cmd_queue_element_init)
    i.cmd_queue_enqueue                      0x0001e498   Section        0  pstorage.o(i.cmd_queue_enqueue)
    cmd_queue_enqueue                        0x0001e499   Thumb Code    80  pstorage.o(i.cmd_queue_enqueue)
    i.connection_instance_allocate           0x0001e4ec   Section        0  device_manager_central.o(i.connection_instance_allocate)
    connection_instance_allocate             0x0001e4ed   Thumb Code    60  device_manager_central.o(i.connection_instance_allocate)
    i.connection_instance_find               0x0001e5c4   Section        0  device_manager_central.o(i.connection_instance_find)
    connection_instance_find                 0x0001e5c5   Thumb Code    54  device_manager_central.o(i.connection_instance_find)
    i.connection_instance_init               0x0001e604   Section        0  device_manager_central.o(i.connection_instance_init)
    connection_instance_init                 0x0001e605   Thumb Code    40  device_manager_central.o(i.connection_instance_init)
    i.db_discovery_evt_handler               0x0001e664   Section        0  client_handling.o(i.db_discovery_evt_handler)
    db_discovery_evt_handler                 0x0001e665   Thumb Code    80  client_handling.o(i.db_discovery_evt_handler)
    i.descriptors_discover                   0x0001e6c0   Section        0  ble_db_discovery.o(i.descriptors_discover)
    descriptors_discover                     0x0001e6c1   Thumb Code   132  ble_db_discovery.o(i.descriptors_discover)
    i.device_context_store                   0x0001e744   Section        0  device_manager_central.o(i.device_context_store)
    device_context_store                     0x0001e745   Thumb Code   218  device_manager_central.o(i.device_context_store)
    i.device_instance_allocate               0x0001e98c   Section        0  device_manager_central.o(i.device_instance_allocate)
    device_instance_allocate                 0x0001e98d   Thumb Code   122  device_manager_central.o(i.device_instance_allocate)
    i.device_instance_find                   0x0001eaa4   Section        0  device_manager_central.o(i.device_instance_find)
    device_instance_find                     0x0001eaa5   Thumb Code   118  device_manager_central.o(i.device_instance_find)
    i.device_manager_event_handler           0x0001ebb4   Section        0  main.o(i.device_manager_event_handler)
    device_manager_event_handler             0x0001ebb5   Thumb Code   374  main.o(i.device_manager_event_handler)
    i.device_manager_init                    0x0001f034   Section        0  main.o(i.device_manager_init)
    device_manager_init                      0x0001f035   Thumb Code   120  main.o(i.device_manager_init)
    i.discovery_complete_evt_trigger         0x0001f0b4   Section        0  ble_db_discovery.o(i.discovery_complete_evt_trigger)
    discovery_complete_evt_trigger           0x0001f0b5   Thumb Code   100  ble_db_discovery.o(i.discovery_complete_evt_trigger)
    i.discovery_error_evt_trigger            0x0001f120   Section        0  ble_db_discovery.o(i.discovery_error_evt_trigger)
    discovery_error_evt_trigger              0x0001f121   Thumb Code    72  ble_db_discovery.o(i.discovery_error_evt_trigger)
    i.dm_ble_evt_handler                     0x0001f170   Section        0  device_manager_central.o(i.dm_ble_evt_handler)
    i.dm_handle_initialize                   0x0001f8e8   Section        0  device_manager_central.o(i.dm_handle_initialize)
    i.dm_init                                0x0001f904   Section        0  device_manager_central.o(i.dm_init)
    i.dm_pstorage_cb_handler                 0x0001fbcc   Section        0  device_manager_central.o(i.dm_pstorage_cb_handler)
    dm_pstorage_cb_handler                   0x0001fbcd   Thumb Code   422  device_manager_central.o(i.dm_pstorage_cb_handler)
    i.dm_register                            0x0001fe10   Section        0  device_manager_central.o(i.dm_register)
    i.dm_security_setup_req                  0x0001fed4   Section        0  device_manager_central.o(i.dm_security_setup_req)
    i.fputc                                  0x00020030   Section        0  retarget.o(i.fputc)
    i.gattc_context_apply                    0x00020040   Section        0  device_manager_central.o(i.gattc_context_apply)
    gattc_context_apply                      0x00020041   Thumb Code    12  device_manager_central.o(i.gattc_context_apply)
    i.gattc_context_load                     0x0002006c   Section        0  device_manager_central.o(i.gattc_context_load)
    gattc_context_load                       0x0002006d   Thumb Code    12  device_manager_central.o(i.gattc_context_load)
    i.gattc_context_store                    0x00020098   Section        0  device_manager_central.o(i.gattc_context_store)
    gattc_context_store                      0x00020099   Thumb Code    12  device_manager_central.o(i.gattc_context_store)
    i.gatts_context_apply                    0x000200c4   Section        0  device_manager_central.o(i.gatts_context_apply)
    gatts_context_apply                      0x000200c5   Thumb Code   122  device_manager_central.o(i.gatts_context_apply)
    i.gatts_context_load                     0x000201f0   Section        0  device_manager_central.o(i.gatts_context_load)
    gatts_context_load                       0x000201f1   Thumb Code    96  device_manager_central.o(i.gatts_context_load)
    i.gatts_context_store                    0x000202cc   Section        0  device_manager_central.o(i.gatts_context_store)
    gatts_context_store                      0x000202cd   Thumb Code   240  device_manager_central.o(i.gatts_context_store)
    i.gattsc_context_apply                   0x00020554   Section        0  device_manager_central.o(i.gattsc_context_apply)
    gattsc_context_apply                     0x00020555   Thumb Code    28  device_manager_central.o(i.gattsc_context_apply)
    i.gattsc_context_load                    0x00020594   Section        0  device_manager_central.o(i.gattsc_context_load)
    gattsc_context_load                      0x00020595   Thumb Code    34  device_manager_central.o(i.gattsc_context_load)
    i.gattsc_context_store                   0x000205d8   Section        0  device_manager_central.o(i.gattsc_context_store)
    gattsc_context_store                     0x000205d9   Thumb Code    34  device_manager_central.o(i.gattsc_context_store)
    i.gpiote_uart_event_handler              0x00020620   Section        0  app_uart_fifo.o(i.gpiote_uart_event_handler)
    gpiote_uart_event_handler                0x00020621   Thumb Code    58  app_uart_fifo.o(i.gpiote_uart_event_handler)
    i.initiate_security_request              0x00020660   Section        0  device_manager_central.o(i.initiate_security_request)
    i.intern_softdevice_events_execute       0x000206fc   Section        0  softdevice_handler.o(i.intern_softdevice_events_execute)
    i.is_desc_discovery_reqd                 0x0002077c   Section        0  ble_db_discovery.o(i.is_desc_discovery_reqd)
    is_desc_discovery_reqd                   0x0002077d   Thumb Code    66  ble_db_discovery.o(i.is_desc_discovery_reqd)
    i.is_manual_peripheral_setup_needed      0x000207c0   Section        0  system_nrf51.o(i.is_manual_peripheral_setup_needed)
    is_manual_peripheral_setup_needed        0x000207c1   Thumb Code    66  system_nrf51.o(i.is_manual_peripheral_setup_needed)
    i.is_word_aligned                        0x00020808   Section        0  pstorage.o(i.is_word_aligned)
    is_word_aligned                          0x00020809   Thumb Code    12  pstorage.o(i.is_word_aligned)
    i.main                                   0x00020814   Section        0  main.o(i.main)
    i.no_service_context_apply               0x0002089c   Section        0  device_manager_central.o(i.no_service_context_apply)
    no_service_context_apply                 0x0002089d   Thumb Code    22  device_manager_central.o(i.no_service_context_apply)
    i.no_service_context_load                0x00020904   Section        0  device_manager_central.o(i.no_service_context_load)
    no_service_context_load                  0x00020905   Thumb Code    12  device_manager_central.o(i.no_service_context_load)
    i.no_service_context_store               0x00020934   Section        0  device_manager_central.o(i.no_service_context_store)
    no_service_context_store                 0x00020935   Thumb Code    12  device_manager_central.o(i.no_service_context_store)
    i.notif_enable                           0x00020968   Section        0  client_handling.o(i.notif_enable)
    notif_enable                             0x00020969   Thumb Code    66  client_handling.o(i.notif_enable)
    i.nrf_delay_ms                           0x000209ac   Section        0  nrf_delay.o(i.nrf_delay_ms)
    i.on_ble_evt                             0x000209c8   Section        0  main.o(i.on_ble_evt)
    on_ble_evt                               0x000209c9   Thumb Code   132  main.o(i.on_ble_evt)
    i.on_characteristic_discovery_rsp        0x00020af4   Section        0  ble_db_discovery.o(i.on_characteristic_discovery_rsp)
    on_characteristic_discovery_rsp          0x00020af5   Thumb Code   214  ble_db_discovery.o(i.on_characteristic_discovery_rsp)
    i.on_descriptor_discovery_rsp            0x00020bd0   Section        0  ble_db_discovery.o(i.on_descriptor_discovery_rsp)
    on_descriptor_discovery_rsp              0x00020bd1   Thumb Code   166  ble_db_discovery.o(i.on_descriptor_discovery_rsp)
    i.on_srv_disc_completion                 0x00020c80   Section        0  ble_db_discovery.o(i.on_srv_disc_completion)
    on_srv_disc_completion                   0x00020c81   Thumb Code    98  ble_db_discovery.o(i.on_srv_disc_completion)
    i.on_uart_event                          0x00020cf0   Section        0  app_uart_fifo.o(i.on_uart_event)
    on_uart_event                            0x00020cf1   Thumb Code   118  app_uart_fifo.o(i.on_uart_event)
    i.peer_instance_init                     0x00020d78   Section        0  device_manager_central.o(i.peer_instance_init)
    peer_instance_init                       0x00020d79   Thumb Code    54  device_manager_central.o(i.peer_instance_init)
    i.pending_user_evts_send                 0x00020de0   Section        0  ble_db_discovery.o(i.pending_user_evts_send)
    pending_user_evts_send                   0x00020de1   Thumb Code    34  ble_db_discovery.o(i.pending_user_evts_send)
    i.pins_sense_disable                     0x00020e0c   Section        0  app_gpiote.o(i.pins_sense_disable)
    pins_sense_disable                       0x00020e0d   Thumb Code    52  app_gpiote.o(i.pins_sense_disable)
    i.pstorage_access_status_get             0x00020e48   Section        0  pstorage.o(i.pstorage_access_status_get)
    i.pstorage_block_identifier_get          0x00020e70   Section        0  pstorage.o(i.pstorage_block_identifier_get)
    i.pstorage_clear                         0x00020ec4   Section        0  pstorage.o(i.pstorage_clear)
    i.pstorage_flash_page_end                0x00020f40   Section        0  pstorage.o(i.pstorage_flash_page_end)
    pstorage_flash_page_end                  0x00020f41   Thumb Code    32  pstorage.o(i.pstorage_flash_page_end)
    i.pstorage_flash_page_size               0x00020f64   Section        0  pstorage.o(i.pstorage_flash_page_size)
    pstorage_flash_page_size                 0x00020f65   Thumb Code    10  pstorage.o(i.pstorage_flash_page_size)
    i.pstorage_init                          0x00020f70   Section        0  pstorage.o(i.pstorage_init)
    i.pstorage_load                          0x00020fe0   Section        0  pstorage.o(i.pstorage_load)
    i.pstorage_register                      0x00021084   Section        0  pstorage.o(i.pstorage_register)
    i.pstorage_store                         0x0002116c   Section        0  pstorage.o(i.pstorage_store)
    i.pstorage_sys_event_handler             0x000211fc   Section        0  pstorage.o(i.pstorage_sys_event_handler)
    i.pstorage_update                        0x00021324   Section        0  pstorage.o(i.pstorage_update)
    i.registered_handler_get                 0x000213b4   Section        0  ble_db_discovery.o(i.registered_handler_get)
    registered_handler_get                   0x000213b5   Thumb Code    50  ble_db_discovery.o(i.registered_handler_get)
    i.scan_start                             0x000213f0   Section        0  main.o(i.scan_start)
    scan_start                               0x000213f1   Thumb Code    52  main.o(i.scan_start)
    i.sense_level_toggle                     0x0002142c   Section        0  app_gpiote.o(i.sense_level_toggle)
    sense_level_toggle                       0x0002142d   Thumb Code    64  app_gpiote.o(i.sense_level_toggle)
    i.softdevice_assertion_handler           0x00021470   Section        0  softdevice_handler.o(i.softdevice_assertion_handler)
    i.softdevice_ble_evt_handler_set         0x0002147c   Section        0  softdevice_handler.o(i.softdevice_ble_evt_handler_set)
    i.softdevice_handler_init                0x00021490   Section        0  softdevice_handler.o(i.softdevice_handler_init)
    i.softdevice_sys_evt_handler_set         0x000214c0   Section        0  softdevice_handler.o(i.softdevice_sys_evt_handler_set)
    i.storage_operation_dummy_handler        0x000214d4   Section        0  device_manager_central.o(i.storage_operation_dummy_handler)
    storage_operation_dummy_handler          0x000214d5   Thumb Code     4  device_manager_central.o(i.storage_operation_dummy_handler)
    i.swap_state_process                     0x000214d8   Section        0  pstorage.o(i.swap_state_process)
    swap_state_process                       0x000214d9   Thumb Code   296  pstorage.o(i.swap_state_process)
    i.sys_evt_dispatch                       0x00021604   Section        0  main.o(i.sys_evt_dispatch)
    sys_evt_dispatch                         0x00021605   Thumb Code    34  main.o(i.sys_evt_dispatch)
    i.uart_error_handle                      0x0002162c   Section        0  app_trace.o(i.uart_error_handle)
    i.uart_event_handle                      0x00021644   Section        0  main.o(i.uart_event_handle)
    i.uart_init                              0x0002165c   Section        0  main.o(i.uart_init)
    i.update_status_bit_reset                0x000216b0   Section        0  device_manager_central.o(i.update_status_bit_reset)
    update_status_bit_reset                  0x000216b1   Thumb Code    14  device_manager_central.o(i.update_status_bit_reset)
    .constdata                               0x000216c4   Section       28  client_handling.o(.constdata)
    .constdata                               0x000216e0   Section       36  main.o(.constdata)
    m_connection_param                       0x000216e0   Data           8  main.o(.constdata)
    m_scan_param                             0x000216e8   Data          16  main.o(.constdata)
    .constdata                               0x00021704   Section       48  device_manager_central.o(.constdata)
    .constdata                               0x00021734   Section       12  app_trace.o(.constdata)
    .conststring                             0x00021740   Section      133  main.o(.conststring)
    .conststring                             0x000217c8   Section      733  device_manager_central.o(.conststring)
    .conststring                             0x00021aa8   Section      263  ble_db_discovery.o(.conststring)
    .data                                    0x20002800   Section        2  client_handling.o(.data)
    m_client_count                           0x20002800   Data           1  client_handling.o(.data)
    m_base_uuid_type                         0x20002801   Data           1  client_handling.o(.data)
    .data                                    0x20002802   Section        4  main.o(.data)
    m_peer_count                             0x20002802   Data           1  main.o(.data)
    m_memory_access_in_progress              0x20002803   Data           1  main.o(.data)
    rx_buf                                   0x20002804   Data           1  main.o(.data)
    m_dm_app_id                              0x20002805   Data           1  main.o(.data)
    .data                                    0x20002808   Section        4  system_nrf51.o(.data)
    __tagsym$$used                           0x20002808   Number         0  system_nrf51.o(.data)
    .data                                    0x2000280c   Section       16  device_manager_central.o(.data)
    m_module_initialized                     0x2000280c   Data           1  device_manager_central.o(.data)
    m_peer_addr_update                       0x20002810   Data           4  device_manager_central.o(.data)
    m_storage_handle                         0x20002814   Data           8  device_manager_central.o(.data)
    .data                                    0x2000281c   Section       16  ble_db_discovery.o(.data)
    m_initialized                            0x2000281c   Data           1  ble_db_discovery.o(.data)
    m_pending_usr_evt_index                  0x20002820   Data           4  ble_db_discovery.o(.data)
    m_num_of_handlers_reg                    0x20002824   Data           4  ble_db_discovery.o(.data)
    m_num_of_discoveries_made                0x20002828   Data           4  ble_db_discovery.o(.data)
    .data                                    0x2000282c   Section       12  app_uart_fifo.o(.data)
    m_instance_counter                       0x2000282c   Data           1  app_uart_fifo.o(.data)
    m_current_state                          0x2000282d   Data           1  app_uart_fifo.o(.data)
    m_gpiote_uid                             0x2000282e   Data           1  app_uart_fifo.o(.data)
    m_pin_cts_mask                           0x20002830   Data           4  app_uart_fifo.o(.data)
    m_event_handler                          0x20002834   Data           4  app_uart_fifo.o(.data)
    .data                                    0x20002838   Section       12  pstorage.o(.data)
    m_module_initialized                     0x20002838   Data           1  pstorage.o(.data)
    m_swap_state                             0x20002839   Data           1  pstorage.o(.data)
    m_next_app_instance                      0x2000283a   Data           2  pstorage.o(.data)
    m_round_val                              0x2000283c   Data           2  pstorage.o(.data)
    m_next_page_addr                         0x20002840   Data           4  pstorage.o(.data)
    .data                                    0x20002844   Section       12  app_gpiote.o(.data)
    m_user_array_size                        0x20002844   Data           1  app_gpiote.o(.data)
    m_user_count                             0x20002845   Data           1  app_gpiote.o(.data)
    mp_users                                 0x20002848   Data           4  app_gpiote.o(.data)
    m_enabled_users_mask                     0x2000284c   Data           4  app_gpiote.o(.data)
    .data                                    0x20002850   Section       16  app_scheduler.o(.data)
    m_queue_start_index                      0x20002850   Data           1  app_scheduler.o(.data)
    m_queue_end_index                        0x20002851   Data           1  app_scheduler.o(.data)
    m_queue_event_size                       0x20002852   Data           2  app_scheduler.o(.data)
    m_queue_size                             0x20002854   Data           2  app_scheduler.o(.data)
    m_queue_event_headers                    0x20002858   Data           4  app_scheduler.o(.data)
    m_queue_event_data                       0x2000285c   Data           4  app_scheduler.o(.data)
    .data                                    0x20002860   Section        1  app_trace.o(.data)
    rx_buf                                   0x20002860   Data           1  app_trace.o(.data)
    .data                                    0x20002864   Section        4  retarget.o(.data)
    .data                                    0x20002868   Section       20  softdevice_handler.o(.data)
    m_softdevice_enabled                     0x20002868   Data           1  softdevice_handler.o(.data)
    m_ble_evt_buffer_size                    0x2000286a   Data           2  softdevice_handler.o(.data)
    m_evt_schedule_func                      0x2000286c   Data           4  softdevice_handler.o(.data)
    mp_ble_evt_buffer                        0x20002870   Data           4  softdevice_handler.o(.data)
    m_ble_evt_handler                        0x20002874   Data           4  softdevice_handler.o(.data)
    m_sys_evt_handler                        0x20002878   Data           4  softdevice_handler.o(.data)
    .bss                                     0x2000287c   Section      832  client_handling.o(.bss)
    m_client                                 0x2000287c   Data         832  client_handling.o(.bss)
    .bss                                     0x20002bbc   Section      528  main.o(.bss)
    BLE_EVT_BUFFER                           0x20002bbc   Data          72  main.o(.bss)
    tx_buf                                   0x20002c04   Data         256  main.o(.bss)
    APP_SCHED_BUF                            0x20002d04   Data         200  main.o(.bss)
    .bss                                     0x20002dcc   Section      643  device_manager_central.o(.bss)
    m_peer_table                             0x20002dcc   Data         192  device_manager_central.o(.bss)
    m_bond_table                             0x20002e8c   Data         224  device_manager_central.o(.bss)
    m_gatts_table                            0x20002f6c   Data          96  device_manager_central.o(.bss)
    m_connection_table                       0x20002fcc   Data          96  device_manager_central.o(.bss)
    m_application_table                      0x2000302c   Data          12  device_manager_central.o(.bss)
    m_local_id_info                          0x20003038   Data          23  device_manager_central.o(.bss)
    .bss                                     0x20003050   Section      128  ble_db_discovery.o(.bss)
    m_registered_handlers                    0x20003050   Data          16  ble_db_discovery.o(.bss)
    m_pending_user_evts                      0x20003060   Data         112  ble_db_discovery.o(.bss)
    .bss                                     0x200030d0   Section       32  app_uart_fifo.o(.bss)
    m_rx_fifo                                0x200030d0   Data          16  app_uart_fifo.o(.bss)
    m_tx_fifo                                0x200030e0   Data          16  app_uart_fifo.o(.bss)
    .bss                                     0x200030f0   Section      100  pstorage.o(.bss)
    m_cmd_queue                              0x200030f0   Data          84  pstorage.o(.bss)
    m_app_table                              0x20003144   Data          16  pstorage.o(.bss)
    .bss                                     0x20003154   Section      256  app_trace.o(.bss)
    tx_buf                                   0x20003154   Data         256  app_trace.o(.bss)
    STACK                                    0x20003258   Section     2048  arm_startup_nrf51.o(STACK)

    Global Symbols

    Symbol Name                              Value     Ov Type        Size  Object(Section)

    BuildAttributes$$THM_ISAv3M$S$PE$A:L22$X:L11$S22$IEEE1$IW$USESV6$~STKCKD$USESV7$~SHL$OSPACE$ROPI$EBA8$MICROLIB$REQ8$PRES8$EABIv2 0x00000000   Number         0  anon$$obj.o ABSOLUTE
    __ARM_use_no_argv                        0x00000000   Number         0  main.o ABSOLUTE
    _printf_a                                0x00000000   Number         0  stubs.o ABSOLUTE
    _printf_c                                0x00000000   Number         0  stubs.o ABSOLUTE
    _printf_charcount                        0x00000000   Number         0  stubs.o ABSOLUTE
    _printf_d                                0x00000000   Number         0  stubs.o ABSOLUTE
    _printf_e                                0x00000000   Number         0  stubs.o ABSOLUTE
    _printf_f                                0x00000000   Number         0  stubs.o ABSOLUTE
    _printf_flags                            0x00000000   Number         0  stubs.o ABSOLUTE
    _printf_fp_dec                           0x00000000   Number         0  stubs.o ABSOLUTE
    _printf_fp_hex                           0x00000000   Number         0  stubs.o ABSOLUTE
    _printf_g                                0x00000000   Number         0  stubs.o ABSOLUTE
    _printf_i                                0x00000000   Number         0  stubs.o ABSOLUTE
    _printf_int_dec                          0x00000000   Number         0  stubs.o ABSOLUTE
    _printf_l                                0x00000000   Number         0  stubs.o ABSOLUTE
    _printf_lc                               0x00000000   Number         0  stubs.o ABSOLUTE
    _printf_ll                               0x00000000   Number         0  stubs.o ABSOLUTE
    _printf_lld                              0x00000000   Number         0  stubs.o ABSOLUTE
    _printf_lli                              0x00000000   Number         0  stubs.o ABSOLUTE
    _printf_llo                              0x00000000   Number         0  stubs.o ABSOLUTE
    _printf_llu                              0x00000000   Number         0  stubs.o ABSOLUTE
    _printf_llx                              0x00000000   Number         0  stubs.o ABSOLUTE
    _printf_longlong_dec                     0x00000000   Number         0  stubs.o ABSOLUTE
    _printf_longlong_hex                     0x00000000   Number         0  stubs.o ABSOLUTE
    _printf_longlong_oct                     0x00000000   Number         0  stubs.o ABSOLUTE
    _printf_ls                               0x00000000   Number         0  stubs.o ABSOLUTE
    _printf_mbtowc                           0x00000000   Number         0  stubs.o ABSOLUTE
    _printf_n                                0x00000000   Number         0  stubs.o ABSOLUTE
    _printf_o                                0x00000000   Number         0  stubs.o ABSOLUTE
    _printf_p                                0x00000000   Number         0  stubs.o ABSOLUTE
    _printf_percent                          0x00000000   Number         0  stubs.o ABSOLUTE
    _printf_pre_padding                      0x00000000   Number         0  stubs.o ABSOLUTE
    _printf_return_value                     0x00000000   Number         0  stubs.o ABSOLUTE
    _printf_s                                0x00000000   Number         0  stubs.o ABSOLUTE
    _printf_sizespec                         0x00000000   Number         0  stubs.o ABSOLUTE
    _printf_str                              0x00000000   Number         0  stubs.o ABSOLUTE
    _printf_truncate_signed                  0x00000000   Number         0  stubs.o ABSOLUTE
    _printf_truncate_unsigned                0x00000000   Number         0  stubs.o ABSOLUTE
    _printf_u                                0x00000000   Number         0  stubs.o ABSOLUTE
    _printf_wc                               0x00000000   Number         0  stubs.o ABSOLUTE
    _printf_wctomb                           0x00000000   Number         0  stubs.o ABSOLUTE
    _printf_widthprec                        0x00000000   Number         0  stubs.o ABSOLUTE
    _printf_x                                0x00000000   Number         0  stubs.o ABSOLUTE
    __cpp_initialize__aeabi_                  - Undefined Weak Reference
    __cxa_finalize                            - Undefined Weak Reference
    __decompress                              - Undefined Weak Reference
    _clock_init                               - Undefined Weak Reference
    _microlib_exit                            - Undefined Weak Reference
    __Vectors_Size                           0x000000c0   Number         0  arm_startup_nrf51.o ABSOLUTE
    __Vectors                                0x0001d000   Data           4  arm_startup_nrf51.o(RESET)
    __Vectors_End                            0x0001d0c0   Data           0  arm_startup_nrf51.o(RESET)
    __main                                   0x0001d0c1   Thumb Code     0  entry.o(.ARM.Collect$$$$00000000)
    _main_stk                                0x0001d0c1   Thumb Code     0  entry2.o(.ARM.Collect$$$$00000001)
    _main_scatterload                        0x0001d0c5   Thumb Code     0  entry5.o(.ARM.Collect$$$$00000004)
    __main_after_scatterload                 0x0001d0c9   Thumb Code     0  entry5.o(.ARM.Collect$$$$00000004)
    _main_clock                              0x0001d0c9   Thumb Code     0  entry7b.o(.ARM.Collect$$$$00000008)
    _main_cpp_init                           0x0001d0c9   Thumb Code     0  entry8b.o(.ARM.Collect$$$$0000000A)
    _main_init                               0x0001d0c9   Thumb Code     0  entry9a.o(.ARM.Collect$$$$0000000B)
    __rt_final_cpp                           0x0001d0d1   Thumb Code     0  entry10a.o(.ARM.Collect$$$$0000000D)
    __rt_final_exit                          0x0001d0d1   Thumb Code     0  entry11a.o(.ARM.Collect$$$$0000000F)
    __asm___11_nrf_delay_c_532987f3__nrf_delay_us 0x0001d0d5   Thumb Code    30  nrf_delay.o(.emb_text)
    Reset_Handler                            0x0001d0f5   Thumb Code    26  arm_startup_nrf51.o(.text)
    NMI_Handler                              0x0001d10f   Thumb Code     2  arm_startup_nrf51.o(.text)
    HardFault_Handler                        0x0001d111   Thumb Code     2  arm_startup_nrf51.o(.text)
    SVC_Handler                              0x0001d113   Thumb Code     2  arm_startup_nrf51.o(.text)
    PendSV_Handler                           0x0001d115   Thumb Code     2  arm_startup_nrf51.o(.text)
    SysTick_Handler                          0x0001d117   Thumb Code     2  arm_startup_nrf51.o(.text)
    ADC_IRQHandler                           0x0001d119   Thumb Code     0  arm_startup_nrf51.o(.text)
    CCM_AAR_IRQHandler                       0x0001d119   Thumb Code     0  arm_startup_nrf51.o(.text)
    ECB_IRQHandler                           0x0001d119   Thumb Code     0  arm_startup_nrf51.o(.text)
    LPCOMP_IRQHandler                        0x0001d119   Thumb Code     0  arm_startup_nrf51.o(.text)
    POWER_CLOCK_IRQHandler                   0x0001d119   Thumb Code     0  arm_startup_nrf51.o(.text)
    QDEC_IRQHandler                          0x0001d119   Thumb Code     0  arm_startup_nrf51.o(.text)
    RADIO_IRQHandler                         0x0001d119   Thumb Code     0  arm_startup_nrf51.o(.text)
    RNG_IRQHandler                           0x0001d119   Thumb Code     0  arm_startup_nrf51.o(.text)
    RTC0_IRQHandler                          0x0001d119   Thumb Code     0  arm_startup_nrf51.o(.text)
    RTC1_IRQHandler                          0x0001d119   Thumb Code     0  arm_startup_nrf51.o(.text)
    SPI0_TWI0_IRQHandler                     0x0001d119   Thumb Code     0  arm_startup_nrf51.o(.text)
    SPI1_TWI1_IRQHandler                     0x0001d119   Thumb Code     0  arm_startup_nrf51.o(.text)
    SWI0_IRQHandler                          0x0001d119   Thumb Code     0  arm_startup_nrf51.o(.text)
    SWI1_IRQHandler                          0x0001d119   Thumb Code     0  arm_startup_nrf51.o(.text)
    SWI3_IRQHandler                          0x0001d119   Thumb Code     0  arm_startup_nrf51.o(.text)
    SWI4_IRQHandler                          0x0001d119   Thumb Code     0  arm_startup_nrf51.o(.text)
    SWI5_IRQHandler                          0x0001d119   Thumb Code     0  arm_startup_nrf51.o(.text)
    TEMP_IRQHandler                          0x0001d119   Thumb Code     0  arm_startup_nrf51.o(.text)
    TIMER0_IRQHandler                        0x0001d119   Thumb Code     0  arm_startup_nrf51.o(.text)
    TIMER1_IRQHandler                        0x0001d119   Thumb Code     0  arm_startup_nrf51.o(.text)
    TIMER2_IRQHandler                        0x0001d119   Thumb Code     0  arm_startup_nrf51.o(.text)
    WDT_IRQHandler                           0x0001d119   Thumb Code     0  arm_startup_nrf51.o(.text)
    __aeabi_uidiv                            0x0001d12d   Thumb Code     0  uidiv.o(.text)
    __aeabi_uidivmod                         0x0001d12d   Thumb Code    44  uidiv.o(.text)
    __aeabi_memcpy                           0x0001d159   Thumb Code    36  memcpya.o(.text)
    __aeabi_memcpy4                          0x0001d159   Thumb Code     0  memcpya.o(.text)
    __aeabi_memcpy8                          0x0001d159   Thumb Code     0  memcpya.o(.text)
    __aeabi_memset                           0x0001d17d   Thumb Code    14  memseta.o(.text)
    __aeabi_memset4                          0x0001d17d   Thumb Code     0  memseta.o(.text)
    __aeabi_memset8                          0x0001d17d   Thumb Code     0  memseta.o(.text)
    __aeabi_memclr                           0x0001d18b   Thumb Code     4  memseta.o(.text)
    __aeabi_memclr4                          0x0001d18b   Thumb Code     0  memseta.o(.text)
    __aeabi_memclr8                          0x0001d18b   Thumb Code     0  memseta.o(.text)
    _memset$wrapper                          0x0001d18f   Thumb Code    18  memseta.o(.text)
    memcmp                                   0x0001d1a1   Thumb Code    26  memcmp.o(.text)
    __aeabi_uldivmod                         0x0001d1bb   Thumb Code    96  uldiv.o(.text)
    __scatterload                            0x0001d21d   Thumb Code    28  init.o(.text)
    __scatterload_rt2                        0x0001d21d   Thumb Code     0  init.o(.text)
    __aeabi_llsl                             0x0001d241   Thumb Code    32  llshl.o(.text)
    _ll_shift_l                              0x0001d241   Thumb Code     0  llshl.o(.text)
    __aeabi_llsr                             0x0001d261   Thumb Code    34  llushr.o(.text)
    _ll_ushift_r                             0x0001d261   Thumb Code     0  llushr.o(.text)
    GPIOTE_IRQHandler                        0x0001d285   Thumb Code   170  app_gpiote.o(i.GPIOTE_IRQHandler)
    SWI2_IRQHandler                          0x0001d33d   Thumb Code    32  softdevice_handler.o(i.SWI2_IRQHandler)
    SystemInit                               0x0001d361   Thumb Code    64  system_nrf51.o(i.SystemInit)
    UART0_IRQHandler                         0x0001d3b5   Thumb Code   110  app_uart_fifo.o(i.UART0_IRQHandler)
    __0printf$8                              0x0001d435   Thumb Code    24  printf8.o(i.__0printf$8)
    __1printf$8                              0x0001d435   Thumb Code     0  printf8.o(i.__0printf$8)
    __2printf                                0x0001d435   Thumb Code     0  printf8.o(i.__0printf$8)
    __ARM_common_switch8                     0x0001d455   Thumb Code    26  app_uart_fifo.o(i.__ARM_common_switch8)
    __scatterload_copy                       0x0001d46f   Thumb Code    14  handlers.o(i.__scatterload_copy)
    __scatterload_null                       0x0001d47d   Thumb Code     2  handlers.o(i.__scatterload_null)
    __scatterload_zeroinit                   0x0001d47f   Thumb Code    14  handlers.o(i.__scatterload_zeroinit)
    action_tx_stop                           0x0001d94d   Thumb Code    26  app_uart_fifo.o(i.action_tx_stop)
    app_error_handler                        0x0001d9c1   Thumb Code    18  app_error.o(i.app_error_handler)
    app_fifo_get                             0x0001da31   Thumb Code    34  app_fifo.o(i.app_fifo_get)
    app_fifo_init                            0x0001da53   Thumb Code    36  app_fifo.o(i.app_fifo_init)
    app_fifo_put                             0x0001da77   Thumb Code    34  app_fifo.o(i.app_fifo_put)
    app_gpiote_pins_state_get                0x0001da99   Thumb Code    42  app_gpiote.o(i.app_gpiote_pins_state_get)
    app_gpiote_user_enable                   0x0001dacd   Thumb Code   128  app_gpiote.o(i.app_gpiote_user_enable)
    app_gpiote_user_register                 0x0001db61   Thumb Code    70  app_gpiote.o(i.app_gpiote_user_register)
    app_sched_execute                        0x0001dc15   Thumb Code    30  app_scheduler.o(i.app_sched_execute)
    app_sched_init                           0x0001dc35   Thumb Code    40  app_scheduler.o(i.app_sched_init)
    app_trace_dump                           0x0001dc61   Thumb Code    38  app_trace.o(i.app_trace_dump)
    app_trace_init                           0x0001dc95   Thumb Code    56  app_trace.o(i.app_trace_init)
    app_uart_init                            0x0001dcdd   Thumb Code   420  app_uart_fifo.o(i.app_uart_init)
    app_uart_put                             0x0001deb1   Thumb Code    22  app_uart_fifo.o(i.app_uart_put)
    ble_db_discovery_evt_register            0x0001decd   Thumb Code    66  ble_db_discovery.o(i.ble_db_discovery_evt_register)
    ble_db_discovery_init                    0x0001df19   Thumb Code    18  ble_db_discovery.o(i.ble_db_discovery_init)
    ble_db_discovery_on_ble_evt              0x0001df31   Thumb Code   156  ble_db_discovery.o(i.ble_db_discovery_on_ble_evt)
    ble_db_discovery_start                   0x0001dfd1   Thumb Code   100  ble_db_discovery.o(i.ble_db_discovery_start)
    client_handling_ble_evt_handler          0x0001e11d   Thumb Code   202  client_handling.o(i.client_handling_ble_evt_handler)
    client_handling_create                   0x0001e1f1   Thumb Code    90  client_handling.o(i.client_handling_create)
    client_handling_destroy                  0x0001e255   Thumb Code    80  client_handling.o(i.client_handling_destroy)
    client_handling_dm_event_handler         0x0001e2b5   Thumb Code    30  client_handling.o(i.client_handling_dm_event_handler)
    client_handling_init                     0x0001e2d9   Thumb Code   108  client_handling.o(i.client_handling_init)
    dm_ble_evt_handler                       0x0001f171   Thumb Code  1602  device_manager_central.o(i.dm_ble_evt_handler)
    dm_handle_initialize                     0x0001f8e9   Thumb Code    22  device_manager_central.o(i.dm_handle_initialize)
    dm_init                                  0x0001f905   Thumb Code   290  device_manager_central.o(i.dm_init)
    dm_register                              0x0001fe11   Thumb Code    96  device_manager_central.o(i.dm_register)
    dm_security_setup_req                    0x0001fed5   Thumb Code   226  device_manager_central.o(i.dm_security_setup_req)
    fputc                                    0x00020031   Thumb Code    14  retarget.o(i.fputc)
    initiate_security_request                0x00020661   Thumb Code   108  device_manager_central.o(i.initiate_security_request)
    intern_softdevice_events_execute         0x000206fd   Thumb Code   124  softdevice_handler.o(i.intern_softdevice_events_execute)
    main                                     0x00020815   Thumb Code   106  main.o(i.main)
    nrf_delay_ms                             0x000209ad   Thumb Code    24  nrf_delay.o(i.nrf_delay_ms)
    pstorage_access_status_get               0x00020e49   Thumb Code    30  pstorage.o(i.pstorage_access_status_get)
    pstorage_block_identifier_get            0x00020e71   Thumb Code    74  pstorage.o(i.pstorage_block_identifier_get)
    pstorage_clear                           0x00020ec5   Thumb Code   114  pstorage.o(i.pstorage_clear)
    pstorage_init                            0x00020f71   Thumb Code   104  pstorage.o(i.pstorage_init)
    pstorage_load                            0x00020fe1   Thumb Code   156  pstorage.o(i.pstorage_load)
    pstorage_register                        0x00021085   Thumb Code   224  pstorage.o(i.pstorage_register)
    pstorage_store                           0x0002116d   Thumb Code   134  pstorage.o(i.pstorage_store)
    pstorage_sys_event_handler               0x000211fd   Thumb Code   288  pstorage.o(i.pstorage_sys_event_handler)
    pstorage_update                          0x00021325   Thumb Code   134  pstorage.o(i.pstorage_update)
    softdevice_assertion_handler             0x00021471   Thumb Code    12  softdevice_handler.o(i.softdevice_assertion_handler)
    softdevice_ble_evt_handler_set           0x0002147d   Thumb Code    16  softdevice_handler.o(i.softdevice_ble_evt_handler_set)
    softdevice_handler_init                  0x00021491   Thumb Code    40  softdevice_handler.o(i.softdevice_handler_init)
    softdevice_sys_evt_handler_set           0x000214c1   Thumb Code    16  softdevice_handler.o(i.softdevice_sys_evt_handler_set)
    uart_error_handle                        0x0002162d   Thumb Code    24  app_trace.o(i.uart_error_handle)
    uart_event_handle                        0x00021645   Thumb Code    24  main.o(i.uart_event_handle)
    uart_init                                0x0002165d   Thumb Code    68  main.o(i.uart_init)
    m_service_context_store                  0x00021704   Data          16  device_manager_central.o(.constdata)
    m_service_context_load                   0x00021714   Data          16  device_manager_central.o(.constdata)
    m_service_context_apply                  0x00021724   Data          16  device_manager_central.o(.constdata)
    Region$$Table$$Base                      0x00021bb0   Number         0  anon$$obj.o(Region$$Table)
    Region$$Table$$Limit                     0x00021bd0   Number         0  anon$$obj.o(Region$$Table)
    SystemCoreClock                          0x20002808   Data           4  system_nrf51.o(.data)
    __stdout                                 0x20002864   Data           4  retarget.o(.data)
    __initial_sp                             0x20003a58   Data           0  arm_startup_nrf51.o(STACK)



==============================================================================

Memory Map of the image

  Image Entry point : 0x0001d0c1

  Load Region LR_IROM1 (Base: 0x0001d000, Size: 0x00004c4c, Max: 0x00023000, ABSOLUTE)

    Execution Region ER_IROM1 (Base: 0x0001d000, Size: 0x00004bd0, Max: 0x00023000, ABSOLUTE)

    Base Addr    Size         Type   Attr      Idx    E Section Name        Object

    0x0001d000   0x000000c0   Data   RO          336    RESET               arm_startup_nrf51.o
    0x0001d0c0   0x00000000   Code   RO         1347  * .ARM.Collect$$$$00000000  mc_p.l(entry.o)
    0x0001d0c0   0x00000004   Code   RO         1623    .ARM.Collect$$$$00000001  mc_p.l(entry2.o)
    0x0001d0c4   0x00000004   Code   RO         1626    .ARM.Collect$$$$00000004  mc_p.l(entry5.o)
    0x0001d0c8   0x00000000   Code   RO         1628    .ARM.Collect$$$$00000008  mc_p.l(entry7b.o)
    0x0001d0c8   0x00000000   Code   RO         1630    .ARM.Collect$$$$0000000A  mc_p.l(entry8b.o)
    0x0001d0c8   0x00000008   Code   RO         1631    .ARM.Collect$$$$0000000B  mc_p.l(entry9a.o)
    0x0001d0d0   0x00000000   Code   RO         1633    .ARM.Collect$$$$0000000D  mc_p.l(entry10a.o)
    0x0001d0d0   0x00000000   Code   RO         1635    .ARM.Collect$$$$0000000F  mc_p.l(entry11a.o)
    0x0001d0d0   0x00000004   Code   RO         1624    .ARM.Collect$$$$00002712  mc_p.l(entry2.o)
    0x0001d0d4   0x0000001e   Code   RO          774    .emb_text           nrf_delay.o
    0x0001d0f2   0x00000002   PAD
    0x0001d0f4   0x00000038   Code   RO          337    .text               arm_startup_nrf51.o
    0x0001d12c   0x0000002c   Code   RO         1350    .text               mc_p.l(uidiv.o)
    0x0001d158   0x00000024   Code   RO         1352    .text               mc_p.l(memcpya.o)
    0x0001d17c   0x00000024   Code   RO         1354    .text               mc_p.l(memseta.o)
    0x0001d1a0   0x0000001a   Code   RO         1358    .text               mc_p.l(memcmp.o)
    0x0001d1ba   0x00000060   Code   RO         1637    .text               mc_p.l(uldiv.o)
    0x0001d21a   0x00000002   PAD
    0x0001d21c   0x00000024   Code   RO         1650    .text               mc_p.l(init.o)
    0x0001d240   0x00000020   Code   RO         1652    .text               mc_p.l(llshl.o)
    0x0001d260   0x00000022   Code   RO         1654    .text               mc_p.l(llushr.o)
    0x0001d282   0x00000002   PAD
    0x0001d284   0x000000b8   Code   RO         1090    i.GPIOTE_IRQHandler  app_gpiote.o
    0x0001d33c   0x00000024   Code   RO         1291    i.SWI2_IRQHandler   softdevice_handler.o
    0x0001d360   0x00000054   Code   RO          344    i.SystemInit        system_nrf51.o
    0x0001d3b4   0x00000080   Code   RO          798    i.UART0_IRQHandler  app_uart_fifo.o
    0x0001d434   0x00000020   Code   RO         1569    i.__0printf$8       mc_p.l(printf8.o)
    0x0001d454   0x0000001a   Code   RO          877    i.__ARM_common_switch8  app_uart_fifo.o
    0x0001d46e   0x0000000e   Code   RO         1664    i.__scatterload_copy  mc_p.l(handlers.o)
    0x0001d47c   0x00000002   Code   RO         1665    i.__scatterload_null  mc_p.l(handlers.o)
    0x0001d47e   0x0000000e   Code   RO         1666    i.__scatterload_zeroinit  mc_p.l(handlers.o)
    0x0001d48c   0x00000428   Code   RO         1576    i._printf_core      mc_p.l(printf8.o)
    0x0001d8b4   0x00000020   Code   RO         1577    i._printf_post_padding  mc_p.l(printf8.o)
    0x0001d8d4   0x0000002c   Code   RO         1578    i._printf_pre_padding  mc_p.l(printf8.o)
    0x0001d900   0x0000004c   Code   RO          799    i.action_tx_send    app_uart_fifo.o
    0x0001d94c   0x00000024   Code   RO          800    i.action_tx_stop    app_uart_fifo.o
    0x0001d970   0x00000020   Code   RO          801    i.action_uart_deactivate  app_uart_fifo.o
    0x0001d990   0x0000002e   Code   RO          195    i.adv_report_parse  main.o
    0x0001d9be   0x00000002   PAD
    0x0001d9c0   0x0000001c   Code   RO         1031    i.app_error_handler  app_error.o
    0x0001d9dc   0x00000054   Code   RO          398    i.app_evt_notify    device_manager_central.o
    0x0001da30   0x00000022   Code   RO         1056    i.app_fifo_get      app_fifo.o
    0x0001da52   0x00000024   Code   RO         1057    i.app_fifo_init     app_fifo.o
    0x0001da76   0x00000022   Code   RO         1058    i.app_fifo_put      app_fifo.o
    0x0001da98   0x00000034   Code   RO         1092    i.app_gpiote_pins_state_get  app_gpiote.o
    0x0001dacc   0x00000094   Code   RO         1094    i.app_gpiote_user_enable  app_gpiote.o
    0x0001db60   0x0000004c   Code   RO         1095    i.app_gpiote_user_register  app_gpiote.o
    0x0001dbac   0x00000024   Code   RO          903    i.app_notify        pstorage.o
    0x0001dbd0   0x00000044   Code   RO         1155    i.app_sched_event_get  app_scheduler.o
    0x0001dc14   0x0000001e   Code   RO         1157    i.app_sched_execute  app_scheduler.o
    0x0001dc32   0x00000002   PAD
    0x0001dc34   0x0000002c   Code   RO         1158    i.app_sched_init    app_scheduler.o
    0x0001dc60   0x00000034   Code   RO         1206    i.app_trace_dump    app_trace.o
    0x0001dc94   0x00000048   Code   RO         1207    i.app_trace_init    app_trace.o
    0x0001dcdc   0x000001d4   Code   RO          806    i.app_uart_init     app_uart_fifo.o
    0x0001deb0   0x0000001c   Code   RO          807    i.app_uart_put      app_uart_fifo.o
    0x0001decc   0x0000004c   Code   RO          670    i.ble_db_discovery_evt_register  ble_db_discovery.o
    0x0001df18   0x00000018   Code   RO          671    i.ble_db_discovery_init  ble_db_discovery.o
    0x0001df30   0x000000a0   Code   RO          672    i.ble_db_discovery_on_ble_evt  ble_db_discovery.o
    0x0001dfd0   0x00000070   Code   RO          673    i.ble_db_discovery_start  ble_db_discovery.o
    0x0001e040   0x00000016   Code   RO          197    i.ble_evt_dispatch  main.o
    0x0001e056   0x00000002   PAD
    0x0001e058   0x00000068   Code   RO          198    i.ble_stack_init    main.o
    0x0001e0c0   0x00000038   Code   RO          674    i.characteristics_discover  ble_db_discovery.o
    0x0001e0f8   0x00000024   Code   RO            3    i.client_find       client_handling.o
    0x0001e11c   0x000000d4   Code   RO            4    i.client_handling_ble_evt_handler  client_handling.o
    0x0001e1f0   0x00000064   Code   RO            6    i.client_handling_create  client_handling.o
    0x0001e254   0x00000060   Code   RO            7    i.client_handling_destroy  client_handling.o
    0x0001e2b4   0x00000024   Code   RO            8    i.client_handling_dm_event_handler  client_handling.o
    0x0001e2d8   0x00000080   Code   RO            9    i.client_handling_init  client_handling.o
    0x0001e358   0x000000f8   Code   RO          904    i.cmd_process       pstorage.o
    0x0001e450   0x00000028   Code   RO          905    i.cmd_queue_dequeue  pstorage.o
    0x0001e478   0x00000020   Code   RO          906    i.cmd_queue_element_init  pstorage.o
    0x0001e498   0x00000054   Code   RO          907    i.cmd_queue_enqueue  pstorage.o
    0x0001e4ec   0x000000d8   Code   RO          399    i.connection_instance_allocate  device_manager_central.o
    0x0001e5c4   0x00000040   Code   RO          400    i.connection_instance_find  device_manager_central.o
    0x0001e604   0x00000060   Code   RO          401    i.connection_instance_init  device_manager_central.o
    0x0001e664   0x0000005c   Code   RO           10    i.db_discovery_evt_handler  client_handling.o
    0x0001e6c0   0x00000084   Code   RO          675    i.descriptors_discover  ble_db_discovery.o
    0x0001e744   0x00000248   Code   RO          402    i.device_context_store  device_manager_central.o
    0x0001e98c   0x00000118   Code   RO          403    i.device_instance_allocate  device_manager_central.o
    0x0001eaa4   0x00000110   Code   RO          404    i.device_instance_find  device_manager_central.o
    0x0001ebb4   0x00000480   Code   RO          199    i.device_manager_event_handler  main.o
    0x0001f034   0x00000080   Code   RO          200    i.device_manager_init  main.o
    0x0001f0b4   0x0000006c   Code   RO          676    i.discovery_complete_evt_trigger  ble_db_discovery.o
    0x0001f120   0x00000050   Code   RO          677    i.discovery_error_evt_trigger  ble_db_discovery.o
    0x0001f170   0x00000778   Code   RO          410    i.dm_ble_evt_handler  device_manager_central.o
    0x0001f8e8   0x0000001c   Code   RO          415    i.dm_handle_initialize  device_manager_central.o
    0x0001f904   0x000002c8   Code   RO          416    i.dm_init           device_manager_central.o
    0x0001fbcc   0x00000244   Code   RO          419    i.dm_pstorage_cb_handler  device_manager_central.o
    0x0001fe10   0x000000c4   Code   RO          420    i.dm_register       device_manager_central.o
    0x0001fed4   0x0000015c   Code   RO          421    i.dm_security_setup_req  device_manager_central.o
    0x00020030   0x0000000e   Code   RO         1258    i.fputc             retarget.o
    0x0002003e   0x00000002   PAD
    0x00020040   0x0000002c   Code   RO          427    i.gattc_context_apply  device_manager_central.o
    0x0002006c   0x0000002c   Code   RO          428    i.gattc_context_load  device_manager_central.o
    0x00020098   0x0000002c   Code   RO          429    i.gattc_context_store  device_manager_central.o
    0x000200c4   0x0000012c   Code   RO          430    i.gatts_context_apply  device_manager_central.o
    0x000201f0   0x000000dc   Code   RO          431    i.gatts_context_load  device_manager_central.o
    0x000202cc   0x00000288   Code   RO          432    i.gatts_context_store  device_manager_central.o
    0x00020554   0x00000040   Code   RO          433    i.gattsc_context_apply  device_manager_central.o
    0x00020594   0x00000044   Code   RO          434    i.gattsc_context_load  device_manager_central.o
    0x000205d8   0x00000048   Code   RO          435    i.gattsc_context_store  device_manager_central.o
    0x00020620   0x00000040   Code   RO          808    i.gpiote_uart_event_handler  app_uart_fifo.o
    0x00020660   0x0000009c   Code   RO          436    i.initiate_security_request  device_manager_central.o
    0x000206fc   0x00000080   Code   RO         1292    i.intern_softdevice_events_execute  softdevice_handler.o
    0x0002077c   0x00000042   Code   RO          678    i.is_desc_discovery_reqd  ble_db_discovery.o
    0x000207be   0x00000002   PAD
    0x000207c0   0x00000048   Code   RO          345    i.is_manual_peripheral_setup_needed  system_nrf51.o
    0x00020808   0x0000000c   Code   RO          908    i.is_word_aligned   pstorage.o
    0x00020814   0x00000088   Code   RO          201    i.main              main.o
    0x0002089c   0x00000068   Code   RO          437    i.no_service_context_apply  device_manager_central.o
    0x00020904   0x00000030   Code   RO          438    i.no_service_context_load  device_manager_central.o
    0x00020934   0x00000034   Code   RO          439    i.no_service_context_store  device_manager_central.o
    0x00020968   0x00000042   Code   RO           11    i.notif_enable      client_handling.o
    0x000209aa   0x00000002   PAD
    0x000209ac   0x0000001c   Code   RO          775    i.nrf_delay_ms      nrf_delay.o
    0x000209c8   0x0000012c   Code   RO          202    i.on_ble_evt        main.o
    0x00020af4   0x000000dc   Code   RO          679    i.on_characteristic_discovery_rsp  ble_db_discovery.o
    0x00020bd0   0x000000b0   Code   RO          680    i.on_descriptor_discovery_rsp  ble_db_discovery.o
    0x00020c80   0x00000070   Code   RO          681    i.on_srv_disc_completion  ble_db_discovery.o
    0x00020cf0   0x00000088   Code   RO          809    i.on_uart_event     app_uart_fifo.o
    0x00020d78   0x00000068   Code   RO          440    i.peer_instance_init  device_manager_central.o
    0x00020de0   0x0000002c   Code   RO          682    i.pending_user_evts_send  ble_db_discovery.o
    0x00020e0c   0x0000003c   Code   RO         1096    i.pins_sense_disable  app_gpiote.o
    0x00020e48   0x00000028   Code   RO          909    i.pstorage_access_status_get  pstorage.o
    0x00020e70   0x00000054   Code   RO          910    i.pstorage_block_identifier_get  pstorage.o
    0x00020ec4   0x0000007c   Code   RO          911    i.pstorage_clear    pstorage.o
    0x00020f40   0x00000024   Code   RO          912    i.pstorage_flash_page_end  pstorage.o
    0x00020f64   0x0000000a   Code   RO          913    i.pstorage_flash_page_size  pstorage.o
    0x00020f6e   0x00000002   PAD
    0x00020f70   0x00000070   Code   RO          914    i.pstorage_init     pstorage.o
    0x00020fe0   0x000000a4   Code   RO          915    i.pstorage_load     pstorage.o
    0x00021084   0x000000e8   Code   RO          916    i.pstorage_register  pstorage.o
    0x0002116c   0x00000090   Code   RO          917    i.pstorage_store    pstorage.o
    0x000211fc   0x00000128   Code   RO          918    i.pstorage_sys_event_handler  pstorage.o
    0x00021324   0x00000090   Code   RO          919    i.pstorage_update   pstorage.o
    0x000213b4   0x0000003c   Code   RO          683    i.registered_handler_get  ble_db_discovery.o
    0x000213f0   0x0000003c   Code   RO          203    i.scan_start        main.o
    0x0002142c   0x00000044   Code   RO         1097    i.sense_level_toggle  app_gpiote.o
    0x00021470   0x0000000c   Code   RO         1293    i.softdevice_assertion_handler  softdevice_handler.o
    0x0002147c   0x00000014   Code   RO         1294    i.softdevice_ble_evt_handler_set  softdevice_handler.o
    0x00021490   0x00000030   Code   RO         1295    i.softdevice_handler_init  softdevice_handler.o
    0x000214c0   0x00000014   Code   RO         1297    i.softdevice_sys_evt_handler_set  softdevice_handler.o
    0x000214d4   0x00000004   Code   RO          441    i.storage_operation_dummy_handler  device_manager_central.o
    0x000214d8   0x0000012c   Code   RO          920    i.swap_state_process  pstorage.o
    0x00021604   0x00000028   Code   RO          204    i.sys_evt_dispatch  main.o
    0x0002162c   0x00000018   Code   RO         1208    i.uart_error_handle  app_trace.o
    0x00021644   0x00000018   Code   RO          205    i.uart_event_handle  main.o
    0x0002165c   0x00000054   Code   RO          206    i.uart_init         main.o
    0x000216b0   0x00000014   Code   RO          442    i.update_status_bit_reset  device_manager_central.o
    0x000216c4   0x0000001c   Data   RO           13    .constdata          client_handling.o
    0x000216e0   0x00000024   Data   RO          208    .constdata          main.o
    0x00021704   0x00000030   Data   RO          444    .constdata          device_manager_central.o
    0x00021734   0x0000000c   Data   RO         1210    .constdata          app_trace.o
    0x00021740   0x00000085   Data   RO          209    .conststring        main.o
    0x000217c5   0x00000003   PAD
    0x000217c8   0x000002dd   Data   RO          446    .conststring        device_manager_central.o
    0x00021aa5   0x00000003   PAD
    0x00021aa8   0x00000107   Data   RO          685    .conststring        ble_db_discovery.o
    0x00021baf   0x00000001   PAD
    0x00021bb0   0x00000020   Data   RO         1662    Region$$Table       anon$$obj.o


    Execution Region RW_IRAM1 (Base: 0x20002800, Size: 0x00001258, Max: 0x00005800, ABSOLUTE)

    Base Addr    Size         Type   Attr      Idx    E Section Name        Object

    0x20002800   0x00000002   Data   RW           14    .data               client_handling.o
    0x20002802   0x00000004   Data   RW          210    .data               main.o
    0x20002806   0x00000002   PAD
    0x20002808   0x00000004   Data   RW          346    .data               system_nrf51.o
    0x2000280c   0x00000010   Data   RW          447    .data               device_manager_central.o
    0x2000281c   0x00000010   Data   RW          686    .data               ble_db_discovery.o
    0x2000282c   0x0000000c   Data   RW          811    .data               app_uart_fifo.o
    0x20002838   0x0000000c   Data   RW          922    .data               pstorage.o
    0x20002844   0x0000000c   Data   RW         1098    .data               app_gpiote.o
    0x20002850   0x00000010   Data   RW         1159    .data               app_scheduler.o
    0x20002860   0x00000001   Data   RW         1211    .data               app_trace.o
    0x20002861   0x00000003   PAD
    0x20002864   0x00000004   Data   RW         1259    .data               retarget.o
    0x20002868   0x00000014   Data   RW         1298    .data               softdevice_handler.o
    0x2000287c   0x00000340   Zero   RW           12    .bss                client_handling.o
    0x20002bbc   0x00000210   Zero   RW          207    .bss                main.o
    0x20002dcc   0x00000283   Zero   RW          443    .bss                device_manager_central.o
    0x2000304f   0x00000001   PAD
    0x20003050   0x00000080   Zero   RW          684    .bss                ble_db_discovery.o
    0x200030d0   0x00000020   Zero   RW          810    .bss                app_uart_fifo.o
    0x200030f0   0x00000064   Zero   RW          921    .bss                pstorage.o
    0x20003154   0x00000100   Zero   RW         1209    .bss                app_trace.o
    0x20003254   0x00000004   PAD
    0x20003258   0x00000800   Zero   RW          334    STACK               arm_startup_nrf51.o


==============================================================================

Image component sizes


      Code (inc. data)   RO Data    RW Data    ZI Data      Debug   Object Name

        28         10          0          0          0       7352   app_error.o
       104          0          0          0          0       2978   app_fifo.o
       588         62          0         12          0       6672   app_gpiote.o
       142         10          0         16          0       4549   app_scheduler.o
       148         30         12          1        256       2626   app_trace.o
       994        146          0         12         32      19847   app_uart_fifo.o
        56         18        192          0       2048        660   arm_startup_nrf51.o
      1426         98        263         16        128      13287   ble_db_discovery.o
       766         80         28          2        832      63731   client_handling.o
      7364       3722        781         16        643      25980   device_manager_central.o
      2096       1026        169          4        528      21727   main.o
        58          4          0          0          0       1591   nrf_delay.o
      2138        132          0         12        100      19078   pstorage.o
        14          0          0          4          0       2678   retarget.o
       264         24          0         20          0       5460   softdevice_handler.o
       156         26          0          4          0       1959   system_nrf51.o

    ----------------------------------------------------------------------
     16358       5388       1484        124       4572     200175   Object Totals
         0          0         32          0          0          0   (incl. Generated)
        16          0          7          5          5          0   (incl. Padding)

    ----------------------------------------------------------------------

      Code (inc. data)   RO Data    RW Data    ZI Data      Debug   Library Member Name

         0          0          0          0          0          0   entry.o
         0          0          0          0          0          0   entry10a.o
         0          0          0          0          0          0   entry11a.o
         8          4          0          0          0          0   entry2.o
         4          0          0          0          0          0   entry5.o
         0          0          0          0          0          0   entry7b.o
         0          0          0          0          0          0   entry8b.o
         8          4          0          0          0          0   entry9a.o
        30          0          0          0          0          0   handlers.o
        36          8          0          0          0         68   init.o
        32          0          0          0          0         68   llshl.o
        34          0          0          0          0         68   llushr.o
        26          0          0          0          0         72   memcmp.o
        36          0          0          0          0         60   memcpya.o
        36          0          0          0          0        100   memseta.o
      1172         52          0          0          0        324   printf8.o
        44          0          0          0          0         72   uidiv.o
        96          0          0          0          0         84   uldiv.o

    ----------------------------------------------------------------------
      1566         68          0          0          0        916   Library Totals
         4          0          0          0          0          0   (incl. Padding)

    ----------------------------------------------------------------------

      Code (inc. data)   RO Data    RW Data    ZI Data      Debug   Library Name

      1562         68          0          0          0        916   mc_p.l

    ----------------------------------------------------------------------
      1566         68          0          0          0        916   Library Totals

    ----------------------------------------------------------------------

==============================================================================


      Code (inc. data)   RO Data    RW Data    ZI Data      Debug   

     17924       5456       1484        124       4572     195823   Grand Totals
     17924       5456       1484        124       4572     195823   ELF Image Totals
     17924       5456       1484        124          0          0   ROM Totals

==============================================================================

    Total RO  Size (Code + RO Data)                19408 (  18.95kB)
    Total RW  Size (RW Data + ZI Data)              4696 (   4.59kB)
    Total ROM Size (Code + RO Data + RW Data)      19532 (  19.07kB)

==============================================================================

